<html>
<body>
<pre>
<h1>µVision Build Log</h1>
<h2>Tool Versions:</h2>
IDE-Version: ¦ÌVision V5.36.0.0
Copyright (C) 2021 ARM Ltd and ARM Germany GmbH. All rights reserved.
License Information: 1 asus, 2, LIC=LSNXV-PR4AT-BS6YX-HKHCA-ZUPXD-3J4KF
 
Tool Versions:
Toolchain:       MDK-ARM Plus  Version: 5.36.0.0
Toolchain Path:  D:\MDK5\ARM\ARMCC\Bin
C Compiler:      Armcc.exe V5.06 update 7 (build 960)
Assembler:       Armasm.exe V5.06 update 7 (build 960)
Linker/Locator:  ArmLink.exe V5.06 update 7 (build 960)
Library Manager: ArmAr.exe V5.06 update 7 (build 960)
Hex Converter:   FromElf.exe V5.06 update 7 (build 960)
CPU DLL:         SARMCM3.DLL V5.36.0.0
Dialog DLL:      DCM.DLL V1.17.3.0
Target DLL:      Segger\JL2CM3.dll V2.99.40.0
Dialog DLL:      TCM.DLL V1.53.0.0
 
<h2>Project:</h2>
C:\Users\asus\Desktop\¶æ»ú¸ú×ÙÀ¬»ø°æ\USER\Template.uvprojx
Project File Date:  08/02/2023

<h2>Output:</h2>
*** Using Compiler 'V5.06 update 7 (build 960)', folder: 'D:\MDK5\ARM\ARMCC\Bin'
Rebuild target 'Template'
assembling startup_stm32f40_41xxx.s...
compiling stm32f4xx_cryp_des.c...
compiling system_stm32f4xx.c...
compiling stm32f4xx_crc.c...
compiling stm32f4xx_adc.c...
compiling stm32f4xx_cryp_tdes.c...
compiling main.c...
main.c(348): warning:  #177-D: variable "x"  was declared but never referenced
  			uint8_t x;
main.c(349): warning:  #177-D: variable "flag"  was declared but never referenced
  			uint8_t flag;
main.c(350): warning:  #177-D: variable "y"  was declared but never referenced
  			uint8_t y;
main.c(351): warning:  #177-D: variable "date"  was declared but never referenced
  			static int16_t date;
main.c(352): warning:  #177-D: variable "Laser_distance"  was declared but never referenced
  			static int16_t Laser_distance;
main.c(353): warning:  #177-D: variable "data_high"  was declared but never referenced
  			static uint8_t data_high;
main.c(354): warning:  #177-D: variable "data_low"  was declared but never referenced
  			static uint8_t	data_low;
main.c(356): warning:  #177-D: variable "accept_flag"  was declared but never referenced
  			static u8 accept_flag,accept_cnt;
main.c(356): warning:  #177-D: variable "accept_cnt"  was declared but never referenced
  			static u8 accept_flag,accept_cnt;
main.c(359): warning:  #177-D: variable "x_pwm"  was declared but never referenced
  			int x_pwm = 1600;
main.c(360): warning:  #550-D: variable "bin_a"  was set but never used
  	    float bin_a = 0;
main.c(361): warning:  #550-D: variable "bin_b"  was set but never used
  			float bin_b = 0;
main.c(362): warning:  #550-D: variable "bin_c"  was set but never used
  			float bin_c = 0;
main.c(363): warning:  #550-D: variable "bin_d"  was set but never used
  			float bin_d = 0;
main.c(364): warning:  #177-D: variable "pwm_go"  was declared but never referenced
   			int pwm_go = 0;
main.c(365): warning:  #177-D: variable "Image_Pid_x_P"  was declared but never referenced
  			float Image_Pid_x_P = 2 ;
main.c(366): warning:  #177-D: variable "Image_Pid_x_D"  was declared but never referenced
  			float Image_Pid_x_D = 1 ;
main.c(367): warning:  #177-D: variable "last_Image_Pid_x"  was declared but never referenced
  			int last_Image_Pid_x;
main.c(368): warning:  #177-D: variable "tt"  was declared but never referenced
  			int tt[3];
main.c(675): warning:  #1-D: last line of file ends without a newline
  		
main.c: 20 warnings, 0 errors
compiling stm32f4xx_it.c...
compiling stm32f4xx_can.c...
compiling misc.c...
compiling stm32f4xx_cryp.c...
compiling stm32f4xx_cryp_aes.c...
compiling stm32f4xx_dac.c...
compiling stm32f4xx_dbgmcu.c...
compiling stm32f4xx_dcmi.c...
compiling stm32f4xx_dma.c...
compiling stm32f4xx_dma2d.c...
compiling stm32f4xx_gpio.c...
compiling stm32f4xx_flash_ramfunc.c...
compiling stm32f4xx_exti.c...
compiling stm32f4xx_hash.c...
compiling stm32f4xx_fsmc.c...
compiling stm32f4xx_flash.c...
compiling stm32f4xx_hash_md5.c...
compiling stm32f4xx_hash_sha1.c...
compiling stm32f4xx_iwdg.c...
compiling stm32f4xx_i2c.c...
compiling stm32f4xx_pwr.c...
compiling stm32f4xx_ltdc.c...
compiling stm32f4xx_rng.c...
compiling stm32f4xx_rcc.c...
compiling stm32f4xx_sai.c...
compiling stm32f4xx_sdio.c...
compiling stm32f4xx_rtc.c...
compiling stm32f4xx_spi.c...
compiling stm32f4xx_syscfg.c...
compiling delay.c...
compiling sys.c...
compiling usart.c...
compiling stm32f4xx_wwdg.c...
compiling stm32f4xx_usart.c...
compiling stm32f4xx_tim.c...
compiling pwm.c...
compiling key.c...
..\HARDWARE\key\key.c(155): warning:  #940-D: missing return statement at end of non-void function "KEY_Scan" 
  }
..\HARDWARE\key\key.c: 1 warning, 0 errors
compiling ICapture.c...
compiling adc.c...
compiling usart3.c...
compiling time.c...
compiling ultrasonic.c...
compiling OLED_I2C.c...
linking...
Program Size: Code=4500 RO-data=424 RW-data=68 ZI-data=2788  
FromELF: creating hex file...
"..\OBJ\Template.axf" - 0 Error(s), 21 Warning(s).

<h2>Software Packages used:</h2>

Package Vendor: Keil
                http://www.keil.com/pack/Keil.STM32F4xx_DFP.2.16.0.pack
                Keil.STM32F4xx_DFP.2.16.0
                STMicroelectronics STM32F4 Series Device Support, Drivers and Examples

<h2>Collection of Component include folders:</h2>
  D:\MDK5\ARM\PACK\Keil\STM32F4xx_DFP\2.16.0\Drivers\CMSIS\Device\ST\STM32F4xx\Include

<h2>Collection of Component Files used:</h2>
Build Time Elapsed:  00:00:15
</pre>
</body>
</html>
